

Microchip MPLAB XC8 Assembler V2.46 build 20240104201356 
                                                                                                           Wed Aug 19 01:02:24 2026


     1                           	processor	16F877A
     2                           	pagewidth 132
     3                           	psect	code,global,class=CODE,delta=2
     4                           	psect	powerup,global,class=CODE,delta=2
     5                           	psect	reset_vec,global,class=CODE,delta=2
     6                           	psect	maintext,global,class=CODE,delta=2
     7                           	psect	eeprom_data,global,class=EEDATA,space=3,delta=2,noexec
     8                           	psect	intentry,global,class=CODE,delta=2
     9                           	psect	sivt,global,class=CODE,delta=2
    10                           	psect	functab,global,class=ENTRY,delta=2
    11                           	psect	init,global,class=CODE,delta=2
    12                           	psect	cinit,global,class=CODE,delta=2
    13                           	psect	text,global,class=CODE,delta=2
    14                           	psect	end_init,global,class=CODE,delta=2
    15                           	psect	clrtext,global,class=CODE,delta=2
    16                           	psect	strings,global,reloc=256,class=CODE,delta=2
    17                           	psect	stack,global,class=STACK,space=2,delta=1,noexec
    18                           	psect	heap,global,class=HEAP,space=7,delta=1,noexec
    19                           	psect	common,global,class=COMMON,space=1,delta=1
    20                           	psect	bank0,global,class=BANK0,space=1,delta=1
    21                           	psect	bank1,global,class=BANK1,space=1,delta=1
    22                           	psect	bank2,global,class=BANK2,space=1,delta=1
    23                           	psect	bank3,global,class=BANK3,space=1,delta=1
    24                           	psect	ram,global,class=RAM,space=1,delta=1
    25                           	psect	abs1,global,class=ABS1,space=1,delta=1
    26                           	psect	sfr0,global,class=SFR0,space=1,delta=1
    27                           	psect	sfr1,global,class=SFR1,space=1,delta=1
    28                           	psect	sfr2,global,class=SFR2,space=1,delta=1
    29                           	psect	sfr3,global,class=SFR3,space=1,delta=1
    30                           
    31                           	psect	reset_vec
    32     0000                     reset_vec:
    33                           
    34                           ; No powerup routine
    35                           ; jump to start
    36     0000  120A  118A  280C   	goto	(start& (0+2047))| (reset_vec& (0+-2048))
    37                           
    38                           	psect	maintext
    39                           
    40                           ; Microchip MPLAB XC8 C Compiler V2.46
    41                           ; Copyright (C) 2024 Microchip Technology Inc.
    42                           ; Auto-generated runtime startup code for final link stage.
    43                           ;
    44                           ; Compiler options:
    45                           ;
    46                           ; -q --opt=none --chip=16f877a --std=c99 main.c clcd.c i2c.c ds1307.c \
    47                           ; adc.c digital_keypad.c isr.c timers.c car_black_box_def.c \
    48                           ; -oblackbox.hex --objdir=dist --outdir=dist -L--fixupoverflow=error \
    49                           ; --callgraph=none --warn=-3 --errformat=%f:%l:%c: error: (%n) %s \
    50                           ; --warnformat=%f:%l:%c: warning: (%n) %s \
    51                           ; --msgformat=%f:%l:%c: advisory: (%n) %s
    52                           ;
    53     0000                     C	set	0
    54     0002                     Z	set	2
    55     0002                     PCL	set	2
    56     0000                     INDF	set	0
    57     000A                     
    58                           	psect	functab
    59     0000                     intlevel0:
    60     0000                     intlevel1:
    61     0000                     intlevel2:
    62     0000                     intlevel3:
    63     0000                     intlevel4:
    64     0000                     intlevel5:
    65                           
    66                           	psect	init
    67     000C                     start:
    68                           
    69                           	psect	end_init
    70     000C  120A  118A  280F   	ljmp	start_initialization	;jump to C runtime clear & initialization
    71                           
    72                           	psect	clrtext
    73     0004                     FSR	set	4
    74                           
    75                           	psect	strings
    76     0000                     
    77                           	psect	stack
    78     0000                     ___sp:
    79     0000                     ___int_sp:
    80     0000                     ___stack_lo:
    81     0000                     ___stack_hi:
    82     0000                     ___int_stack_lo:
    83     0000                     ___int_stack_hi:
    84                           
    85                           	psect	heap
    86                           
    87                           ; No heap to be allocated


Microchip Technology PIC Macro Assembler V2.46 build 20240104201356 
Symbol Table                                                                                               Wed Aug 19 01:02:24 2026

               ___sp 0000                 _main 004A                 start 000C           ___stack_hi 0000  
         ___stack_lo 0000       ___int_stack_hi 0000       ___int_stack_lo 0000  start_initialization 000F  
          ___heap_hi 0000            ___heap_lo 0000            ___stackhi 0000            ___stacklo 0000  
           ___int_sp 0000             intlevel0 0000             intlevel1 0000             intlevel2 0000  
           intlevel3 0000             intlevel4 0000             intlevel5 0000             reset_vec 0000  
